Harshita@DESKTOP-3OFEE2E MINGW64 ~/Final/git-katas (basic-commits)
$ cd basic-branching

Harshita@DESKTOP-3OFEE2E MINGW64 ~/Final/git-katas/basic-branching (basic-commits)
$ source setup.sh
Initialized empty Git repository in C:/Users/Harshita/Final/git-katas/basic-branching/exercise/.git/
Successfully configured local username and email
Successfully disable local GPG signing
warning: in the working copy of 'dummy.txt', LF will be replaced by CRLF the next time Git touches it
[master (root-commit) 25d1e9d] dummy commit
 1 file changed, 1 insertion(+)
 create mode 100644 dummy.txt
Switched to a new branch 'second-branch'
Switched to branch 'master'
Successfully unset local username and email
Successfully unset local GPG signing

Harshita@DESKTOP-3OFEE2E MINGW64 ~/Final/git-katas/basic-branching/exercise (master)
$ git branch
* master
  second-branch

Harshita@DESKTOP-3OFEE2E MINGW64 ~/Final/git-katas/basic-branching/exercise (master)
$ git branch mybranch

Harshita@DESKTOP-3OFEE2E MINGW64 ~/Final/git-katas/basic-branching/exercise (master)
$ git branch
* master
  mybranch
  second-branch

Harshita@DESKTOP-3OFEE2E MINGW64 ~/Final/git-katas/basic-branching/exercise (master)
$ git switch mybranch
Switched to branch 'mybranch'

Harshita@DESKTOP-3OFEE2E MINGW64 ~/Final/git-katas/basic-branching/exercise (mybranch)
$ git status
On branch mybranch
nothing to commit, working tree clean

Harshita@DESKTOP-3OFEE2E MINGW64 ~/Final/git-katas/basic-branching/exercise (mybranch)
$ touch file.txt

Harshita@DESKTOP-3OFEE2E MINGW64 ~/Final/git-katas/basic-branching/exercise (mybranch)
$ git add file1.txt
fatal: pathspec 'file1.txt' did not match any files

Harshita@DESKTOP-3OFEE2E MINGW64 ~/Final/git-katas/basic-branching/exercise (mybranch)
$ ls
dummy.txt  file.txt

Harshita@DESKTOP-3OFEE2E MINGW64 ~/Final/git-katas/basic-branching/exercise (mybranch)
$ echo "harshita"> file.txt

Harshita@DESKTOP-3OFEE2E MINGW64 ~/Final/git-katas/basic-branching/exercise (mybranch)
$ git add file.txt
warning: in the working copy of 'file.txt', LF will be replaced by CRLF the next time Git touches it

Harshita@DESKTOP-3OFEE2E MINGW64 ~/Final/git-katas/basic-branching/exercise (mybranch)
$ git commit -m"branching comment"
[mybranch 2146d0f] branching comment
 1 file changed, 1 insertion(+)
 create mode 100644 file.txt

Harshita@DESKTOP-3OFEE2E MINGW64 ~/Final/git-katas/basic-branching/exercise (mybranch)
$ git log --oneline --graph
* 2146d0f (HEAD -> mybranch) branching comment
* 25d1e9d (second-branch, master) dummy commit

Harshita@DESKTOP-3OFEE2E MINGW64 ~/Final/git-katas/basic-branching/exercise (mybranch)
$ git switch master
Switched to branch 'master'

Harshita@DESKTOP-3OFEE2E MINGW64 ~/Final/git-katas/basic-branching/exercise (master)
$ git log --online --graph
fatal: unrecognized argument: --online

Harshita@DESKTOP-3OFEE2E MINGW64 ~/Final/git-katas/basic-branching/exercise (master)
$ git log --oneline --graph
* 25d1e9d (HEAD -> master, second-branch) dummy commit

Harshita@DESKTOP-3OFEE2E MINGW64 ~/Final/git-katas/basic-branching/exercise (master)
$ git add file2.txt
fatal: pathspec 'file2.txt' did not match any files

Harshita@DESKTOP-3OFEE2E MINGW64 ~/Final/git-katas/basic-branching/exercise (master)
$ touch file2.txt

Harshita@DESKTOP-3OFEE2E MINGW64 ~/Final/git-katas/basic-branching/exercise (master)
$ git commit -m"file2 created"
On branch master
Untracked files:
  (use "git add <file>..." to include in what will be committed)
        file2.txt

nothing added to commit but untracked files present (use "git add" to track)

Harshita@DESKTOP-3OFEE2E MINGW64 ~/Final/git-katas/basic-branching/exercise (master)
$ git log --oneline --graph --all
* 2146d0f (mybranch) branching comment
* 25d1e9d (HEAD -> master, second-branch) dummy commit

Harshita@DESKTOP-3OFEE2E MINGW64 ~/Final/git-katas/basic-branching/exercise (master)
$ git switch mybranch
Switched to branch 'mybranch'

Harshita@DESKTOP-3OFEE2E MINGW64 ~/Final/git-katas/basic-branching/exercise (mybranch)
$ ls
dummy.txt  file.txt  file2.txt

Harshita@DESKTOP-3OFEE2E MINGW64 ~/Final/git-katas/basic-branching/exercise (mybranch)
$ git diff mybranch master
diff --git a/file.txt b/file.txt
deleted file mode 100644
index cf4bcd1..0000000
--- a/file.txt
+++ /dev/null
@@ -1 +0,0 @@
-harshita
