Harshita@DESKTOP-3OFEE2E MINGW64 ~/Final/git-katas/basic-commits (basic-commits)
$ cd ..

Harshita@DESKTOP-3OFEE2E MINGW64 ~/Final/git-katas (basic-commits)
$ cd basic-staging

Harshita@DESKTOP-3OFEE2E MINGW64 ~/Final/git-katas/basic-staging (basic-commits)
$ source setup.sh
Initialized empty Git repository in C:/Users/Harshita/Final/git-katas/basic-staging/exercise/.git/
Successfully configured local username and email
Successfully disable local GPG signing
warning: in the working copy of 'file.txt', LF will be replaced by CRLF the next time Git touches it
[master (root-commit) 6708245] 1
 1 file changed, 1 insertion(+)
 create mode 100644 file.txt
Successfully unset local username and email
Successfully unset local GPG signing

Harshita@DESKTOP-3OFEE2E MINGW64 ~/Final/git-katas/basic-staging/exercise (master)
$ cat file.txt
1

Harshita@DESKTOP-3OFEE2E MINGW64 ~/Final/git-katas/basic-staging/exercise (master)
$ echo 2> file.txt


Harshita@DESKTOP-3OFEE2E MINGW64 ~/Final/git-katas/basic-staging/exercise (master)
$ git diff
diff --git a/file.txt b/file.txt
index d00491f..e69de29 100644
--- a/file.txt
+++ b/file.txt
@@ -1 +0,0 @@
-1

Harshita@DESKTOP-3OFEE2E MINGW64 ~/Final/git-katas/basic-staging/exercise (master)
$ git diff --staged

Harshita@DESKTOP-3OFEE2E MINGW64 ~/Final/git-katas/basic-staging/exercise (master)
$ git add file.txt

Harshita@DESKTOP-3OFEE2E MINGW64 ~/Final/git-katas/basic-staging/exercise (master)
$ git diff

Harshita@DESKTOP-3OFEE2E MINGW64 ~/Final/git-katas/basic-staging/exercise (master)
$ git diff --staged
diff --git a/file.txt b/file.txt
index d00491f..e69de29 100644
--- a/file.txt
+++ b/file.txt
@@ -1 +0,0 @@
-1

Harshita@DESKTOP-3OFEE2E MINGW64 ~/Final/git-katas/basic-staging/exercise (master)
$ echo 3 > file.txt

Harshita@DESKTOP-3OFEE2E MINGW64 ~/Final/git-katas/basic-staging/exercise (master)
$ git diff
warning: in the working copy of 'file.txt', LF will be replaced by CRLF the next time Git touches it
diff --git a/file.txt b/file.txt
index e69de29..00750ed 100644
--- a/file.txt
+++ b/file.txt
@@ -0,0 +1 @@
+3

Harshita@DESKTOP-3OFEE2E MINGW64 ~/Final/git-katas/basic-staging/exercise (master)
$ git diff --staged
diff --git a/file.txt b/file.txt
index d00491f..e69de29 100644
--- a/file.txt
+++ b/file.txt
@@ -1 +0,0 @@
-1

Harshita@DESKTOP-3OFEE2E MINGW64 ~/Final/git-katas/basic-staging/exercise (master)
$ git status
On branch master
Changes to be committed:
  (use "git restore --staged <file>..." to unstage)
        modified:   file.txt

Changes not staged for commit:
  (use "git add <file>..." to update what will be committed)
  (use "git restore <file>..." to discard changes in working directory)
        modified:   file.txt


Harshita@DESKTOP-3OFEE2E MINGW64 ~/Final/git-katas/basic-staging/exercise (master)
$ git restore --staged file.txt

Harshita@DESKTOP-3OFEE2E MINGW64 ~/Final/git-katas/basic-staging/exercise (master)
$ git status
On branch master
Changes not staged for commit:
  (use "git add <file>..." to update what will be committed)
  (use "git restore <file>..." to discard changes in working directory)
        modified:   file.txt

no changes added to commit (use "git add" and/or "git commit -a")

Harshita@DESKTOP-3OFEE2E MINGW64 ~/Final/git-katas/basic-staging/exercise (master)
$ git add file.txt
warning: in the working copy of 'file.txt', LF will be replaced by CRLF the next time Git touches it

Harshita@DESKTOP-3OFEE2E MINGW64 ~/Final/git-katas/basic-staging/exercise (master)
$ git commit -m "staging"
[master 99d501e] staging
 1 file changed, 1 insertion(+), 1 deletion(-)

Harshita@DESKTOP-3OFEE2E MINGW64 ~/Final/git-katas/basic-staging/exercise (master)
$ git log
commit 99d501e67557ebf1dcbaf42a0cd4cc5b75611a7b (HEAD -> master)
Author: Harshita Konda <harshita.konda@zemosolabs.com>
Date:   Wed Nov 9 14:21:44 2022 +0530

    staging

commit 67082458169f03ff7dc00690e05b7b40e0a7d204
Author: git-katas trainer bot <git-katas@example.com>
Date:   Wed Nov 9 14:14:11 2022 +0530

    1

Harshita@DESKTOP-3OFEE2E MINGW64 ~/Final/git-katas/basic-staging/exercise (master)
$ echo 4 >file.txt

Harshita@DESKTOP-3OFEE2E MINGW64 ~/Final/git-katas/basic-staging/exercise (master)
$ cat file.txt
4

Harshita@DESKTOP-3OFEE2E MINGW64 ~/Final/git-katas/basic-staging/exercise (master)
$ git status
On branch master
Changes not staged for commit:
  (use "git add <file>..." to update what will be committed)
  (use "git restore <file>..." to discard changes in working directory)
        modified:   file.txt

no changes added to commit (use "git add" and/or "git commit -a")

Harshita@DESKTOP-3OFEE2E MINGW64 ~/Final/git-katas/basic-staging/exercise (master)
$ git restore file.txt

Harshita@DESKTOP-3OFEE2E MINGW64 ~/Final/git-katas/basic-staging/exercise (master)
$ cat file.txt
3

Harshita@DESKTOP-3OFEE2E MINGW64 ~/Final/git-katas/basic-staging/exercise (master)
$ git status
On branch master
nothing to commit, working tree clean

Harshita@DESKTOP-3OFEE2E MINGW64 ~/Final/git-katas/basic-staging/exercise (master)
$
